// Jest Snapshot v1, https://goo.gl/fbAQLP

exports[`Header Component should render image correctly 1`] = `
<div
  class="mt-10 relative w-full h-[440px] bg-header-pattern-1 bg-center"
  data-testid="header-image"
>
  <div
    class="absolute top-1/2 left-20 bg-theme-white px-6 py-3"
    data-testid="header-text"
  >
    <q
      class="text-4xl font-semibold block"
    >
      Today a reader, tomorrow a leader.
    </q>
    <span
      class="font-medium italic block text-end mt-3 mr-5"
    >
      - Margaret Fuller
    </span>
  </div>
</div>
`;
